Enter password: ***********
Welcome to the MySQL monitor.  Commands end with ; or \g.
Your MySQL connection id is 110
Server version: 8.0.27 MySQL Community Server - GPL

Copyright (c) 2000, 2021, Oracle and/or its affiliates.

Oracle is a registered trademark of Oracle Corporation and/or its
affiliates. Other names may be trademarks of their respective
owners.

Type 'help;' or '\h' for help. Type '\c' to clear the current input statement.

mysql> use try;
Database changed
mysql>
mysql> show tables;
+---------------+
| Tables_in_try |
+---------------+
| customer1     |
| delivery_boy  |
| delivery_boy1 |
| delivery_boy2 |
| feedback      |
| person1       |
| persons       |
| reviews       |
| test          |
+---------------+
9 rows in set (0.00 sec)

mysql> create table vendor( vendor_id int NOT NULL AUTO_INCREMENT,
    ->   vendor_firstName varchar(100) NOT NULL,
    ->   vendor_lastName varchar(100) NOT NULL,
    ->   vendor_shopName varchar(100) NOT NULL,,
    ->   vendor_licenseNo varchar(100) NOT NULL,,
    ->   vendor_adharCard varchar(100) NOT NULL,,
    ->   vendor_username varchar(100) NOT NULL,
    ->   vendor_password varchar(100) NOT NULL,
    ->   vendor_address varchar(100) NOT NULL,
    ->   vendor_mobilNo varchar(100) NOT NULL,
    ->   vendor_email varchar(100) NOT NULL UNIQUE,
    ->   vendor_city varchar(100) NOT NULL,
    ->   vendor_pincode varchar(100) NOT NULL,
    ->   PRIMARY KEY(vendor_id));
ERROR 1064 (42000): You have an error in your SQL syntax; check the manual that corresponds to your MySQL server version for the right syntax to use near ',
  vendor_licenseNo varchar(100) NOT NULL,,
  vendor_adharCard varchar(100) N' at line 4
mysql>
mysql>
mysql> create table vendor( vendor_id int NOT NULL AUTO_INCREMENT,
    ->   vendor_firstName varchar(100) NOT NULL,
    ->   vendor_lastName varchar(100) NOT NULL,
    ->   vendor_shopName varchar(100) NOT NULL,,
    ->   vendor_licenseNo varchar(100) NOT NULL,
    ->   vendor_adharCard varchar(100) NOT NULL,
    ->   vendor_username varchar(100) NOT NULL,
    ->   vendor_password varchar(100) NOT NULL,
    ->   vendor_address varchar(100) NOT NULL,
    ->   vendor_mobilNo varchar(100) NOT NULL,
    ->   vendor_email varchar(100) NOT NULL UNIQUE,
    ->   vendor_city varchar(100) NOT NULL,
    ->   vendor_pincode varchar(100) NOT NULL,
    ->   PRIMARY KEY(vendor_id));
ERROR 1064 (42000): You have an error in your SQL syntax; check the manual that corresponds to your MySQL server version for the right syntax to use near ',
  vendor_licenseNo varchar(100) NOT NULL,
  vendor_adharCard varchar(100) NO' at line 4
mysql>
mysql>
mysql> create table vendor( vendor_id int NOT NULL AUTO_INCREMENT,
    ->   vendor_firstName varchar(100) NOT NULL,
    ->   vendor_lastName varchar(100) NOT NULL,
    ->   vendor_shopName varchar(100) NOT NULL,
    ->   vendor_licenseNo varchar(100) NOT NULL,
    ->   vendor_adharCard varchar(100) NOT NULL,
    ->   vendor_username varchar(100) NOT NULL,
    ->   vendor_password varchar(100) NOT NULL,
    ->   vendor_address varchar(100) NOT NULL,
    ->   vendor_mobilNo varchar(100) NOT NULL,
    ->   vendor_email varchar(100) NOT NULL UNIQUE,
    ->   vendor_city varchar(100) NOT NULL,
    ->   vendor_pincode varchar(100) NOT NULL,
    ->   PRIMARY KEY(vendor_id));
Query OK, 0 rows affected (0.06 sec)

mysql> desc vender;
ERROR 1146 (42S02): Table 'try.vender' doesn't exist
mysql> desc vendor;
+------------------+--------------+------+-----+---------+----------------+
| Field            | Type         | Null | Key | Default | Extra          |
+------------------+--------------+------+-----+---------+----------------+
| vendor_id        | int          | NO   | PRI | NULL    | auto_increment |
| vendor_firstName | varchar(100) | NO   |     | NULL    |                |
| vendor_lastName  | varchar(100) | NO   |     | NULL    |                |
| vendor_shopName  | varchar(100) | NO   |     | NULL    |                |
| vendor_licenseNo | varchar(100) | NO   |     | NULL    |                |
| vendor_adharCard | varchar(100) | NO   |     | NULL    |                |
| vendor_username  | varchar(100) | NO   |     | NULL    |                |
| vendor_password  | varchar(100) | NO   |     | NULL    |                |
| vendor_address   | varchar(100) | NO   |     | NULL    |                |
| vendor_mobilNo   | varchar(100) | NO   |     | NULL    |                |
| vendor_email     | varchar(100) | NO   | UNI | NULL    |                |
| vendor_city      | varchar(100) | NO   |     | NULL    |                |
| vendor_pincode   | varchar(100) | NO   |     | NULL    |                |
+------------------+--------------+------+-----+---------+----------------+
13 rows in set (0.01 sec)

mysql> insert into vendor values(
    -> default,
    -> "swapnil",
    -> "shinde",
    -> "SSS",
    -> 965733,
    -> 965733665622,
    -> "swapnil",
    -> "swapnil@123",
    -> "Ap Manglwedha",
    -> 9657336656,
    -> "swapnil@gmail.com",
    -> "pune",
    -> 401046,
    -> );
ERROR 1064 (42000): You have an error in your SQL syntax; check the manual that corresponds to your MySQL server version for the right syntax to use near ')' at line 15
mysql> insert into vendor values(
    -> default,
    -> "swapnil",
    -> "shinde",
    -> "SSS",
    -> 965733,
    -> 965733665622,
    -> "swapnil",
    -> "swapnil@123",
    -> "Ap Manglwedha",
    -> 9657336656,
    -> "swapnil@gmail.com",
    -> "pune",
    -> 401046
    -> );
Query OK, 1 row affected (0.01 sec)

mysql> table vendor;
+-----------+------------------+-----------------+-----------------+------------------+------------------+-----------------+-----------------+----------------+----------------+-------------------+-------------+----------------+
| vendor_id | vendor_firstName | vendor_lastName | vendor_shopName | vendor_licenseNo | vendor_adharCard | vendor_username | vendor_password | vendor_address | vendor_mobilNo | vendor_email      | vendor_city | vendor_pincode |
+-----------+------------------+-----------------+-----------------+------------------+------------------+-----------------+-----------------+----------------+----------------+-------------------+-------------+----------------+
|         1 | swapnil          | shinde          | SSS             | 965733           | 965733665622     | swapnil         | swapnil@123     | Ap Manglwedha  | 9657336656     | swapnil@gmail.com | pune        | 401046         |
+-----------+------------------+-----------------+-----------------+------------------+------------------+-----------------+-----------------+----------------+----------------+-------------------+-------------+----------------+
1 row in set (0.00 sec)

mysql> create table customer (
    -> customer_id int not null,
    -> customer_firstName varchar(250) not null,
    -> customer_lastName varchar(250) not null,
    -> customer_userName varchar(250) not null,
    -> customer_password varchar(250) not null,
    -> customer_address varchar(250) not null,
    -> customer_mobileNo varchar(250) not null unique,
    -> customer_email varchar(250) not null ,
    -> customer_city varchar(250) not null,
    -> customer_pincode int not null,
    -> primary key(customer_id)
    -> );
Query OK, 0 rows affected (0.06 sec)

mysql> desc custtomer;
ERROR 1146 (42S02): Table 'try.custtomer' doesn't exist
mysql> desc customer;
+--------------------+--------------+------+-----+---------+-------+
| Field              | Type         | Null | Key | Default | Extra |
+--------------------+--------------+------+-----+---------+-------+
| customer_id        | int          | NO   | PRI | NULL    |       |
| customer_firstName | varchar(250) | NO   |     | NULL    |       |
| customer_lastName  | varchar(250) | NO   |     | NULL    |       |
| customer_userName  | varchar(250) | NO   |     | NULL    |       |
| customer_password  | varchar(250) | NO   |     | NULL    |       |
| customer_address   | varchar(250) | NO   |     | NULL    |       |
| customer_mobileNo  | varchar(250) | NO   | UNI | NULL    |       |
| customer_email     | varchar(250) | NO   |     | NULL    |       |
| customer_city      | varchar(250) | NO   |     | NULL    |       |
| customer_pincode   | int          | NO   |     | NULL    |       |
+--------------------+--------------+------+-----+---------+-------+
10 rows in set (0.01 sec)

mysql> drop table customer;
Query OK, 0 rows affected (0.03 sec)

mysql>
mysql>
mysql> create table customer (
    -> customer_id int not null AUTO_INCREMENT,
    -> customer_firstName varchar(250) not null,
    -> customer_lastName varchar(250) not null,
    -> customer_userName varchar(250) not null,
    -> customer_password varchar(250) not null,
    -> customer_address varchar(250) not null,
    -> customer_mobileNo varchar(250) not null unique,
    -> customer_email varchar(250) not null ,
    -> customer_city varchar(250) not null,
    -> customer_pincode int not null,
    -> primary key(customer_id)
    -> );
Query OK, 0 rows affected (0.05 sec)

mysql>
mysql> insert into customer values(
    -> default,
    -> "swapnil",
    -> "shinde",
    -> "SSS",
    -> "swapnil",
    -> "swapnil@123",
    -> "Ap Manglwedha",
    -> 9657336656,
    -> "swapnil@gmail.com",
    -> "pune",
    -> 401046
    -> );
ERROR 1136 (21S01): Column count doesn't match value count at row 1
mysql>
mysql>
mysql>
mysql>
mysql>
mysql> insert into customer values(
    -> default,
    -> "swapnil",
    -> "shinde",
    -> "swapnil",
    -> "swapnil@123",
    -> "Ap Manglwedha",
    -> 9657336656,
    -> "swapnil@gmail.com",
    -> "pune",
    -> 401046
    -> );
Query OK, 1 row affected (0.00 sec)

mysql> table customer;
+-------------+--------------------+-------------------+-------------------+-------------------+------------------+-------------------+-------------------+---------------+------------------+
| customer_id | customer_firstName | customer_lastName | customer_userName | customer_password | customer_address | customer_mobileNo | customer_email    | customer_city | customer_pincode |
+-------------+--------------------+-------------------+-------------------+-------------------+------------------+-------------------+-------------------+---------------+------------------+
|           1 | swapnil            | shinde            | swapnil           | swapnil@123       | Ap Manglwedha    | 9657336656        | swapnil@gmail.com | pune          |           401046 |
+-------------+--------------------+-------------------+-------------------+-------------------+------------------+-------------------+-------------------+---------------+------------------+
1 row in set (0.00 sec)

mysql>
mysql>
mysql> create table product(
    -> product_id int not null AUTO_INCREMENT,
    -> product_name varchar(250) not null,
    -> product_category varchar(250) not null,
    -> product_pricePerQuantity varchar(250) not null,
    -> product_quantity varchar(250) not null,
    -> product_description varchar(250) not null,
    -> product_image varchar(220) not null,
    -> primary key(product_id)
    -> );
Query OK, 0 rows affected (0.03 sec)

mysql>
mysql> drop table product;
Query OK, 0 rows affected (0.03 sec)

mysql>
mysql>
mysql> create table product(
    -> product_id int not null AUTO_INCREMENT,
    -> product_name varchar(250) not null,
    -> product_category varchar(250) not null,
    -> product_pricePerQuantity varchar(250) not null,
    -> product_quantity varchar(250) not null,
    -> product_description varchar(250) not null,
    -> product_IMAGE BLOB ,
    -> primary key(product_id)
    -> );
Query OK, 0 rows affected (0.03 sec)

mysql> insert into product values(
    -> default,
    -> "Apple-12",
    -> "Mobile",
    -> "70000",
    -> "2",
    -> "Apple-12 is product of Apple company",
    -> null
    -> );
Query OK, 1 row affected (0.01 sec)

mysql> desc product;
+--------------------------+--------------+------+-----+---------+----------------+
| Field                    | Type         | Null | Key | Default | Extra          |
+--------------------------+--------------+------+-----+---------+----------------+
| product_id               | int          | NO   | PRI | NULL    | auto_increment |
| product_name             | varchar(250) | NO   |     | NULL    |                |
| product_category         | varchar(250) | NO   |     | NULL    |                |
| product_pricePerQuantity | varchar(250) | NO   |     | NULL    |                |
| product_quantity         | varchar(250) | NO   |     | NULL    |                |
| product_description      | varchar(250) | NO   |     | NULL    |                |
| product_IMAGE            | blob         | YES  |     | NULL    |                |
+--------------------------+--------------+------+-----+---------+----------------+
7 rows in set (0.00 sec)

mysql> select * from product;
+------------+--------------+------------------+--------------------------+------------------+--------------------------------------+------------------------------+
| product_id | product_name | product_category | product_pricePerQuantity | product_quantity | product_description                  | product_IMAGE                |
+------------+--------------+------------------+--------------------------+------------------+--------------------------------------+------------------------------+
|          1 | Apple-12     | Mobile           | 70000                    | 2                | Apple-12 is product of Apple company | NULL                         |
+------------+--------------+------------------+--------------------------+------------------+--------------------------------------+------------------------------+
1 row in set (0.00 sec)

mysql>
mysql>
mysql>
mysql>
mysql> create table orders(
    -> orders_id int not null AUTO_INCREMENT,
    -> customer_id int not null,
    -> orders_status varchar(20) not null,
    -> orders_totalCost int not null,
    -> orders_date  TIMESTAMP DEFAULT CURRENT_TIMESTAMP,,
    -> payment_status varchar(20) not null,
    -> primary key(orders_id),
    -> foreign key(customer_id) reference(customer_table),
    -> foreign key(ordered_product_id) reference(ordered_product_table)
    -> );
ERROR 1064 (42000): You have an error in your SQL syntax; check the manual that corresponds to your MySQL server version for the right syntax to use near ',
payment_status varchar(20) not null,
primary key(orders_id),
foreign key(custo' at line 6
mysql>
mysql> create table orders(
    -> orders_id int not null AUTO_INCREMENT,
    -> customer_id int not null,
    -> orders_status varchar(250) not null,
    -> orders_totalCost int not null,
    -> orders_date  TIMESTAMP DEFAULT CURRENT_TIMESTAMP,
    -> payment_status varchar(250) not null,
    -> primary key(orders_id),
    -> foreign key(customer_id) reference(customer_table),
    -> foreign key(ordered_product_id) reference(ordered_product_table)
    -> );
ERROR 1064 (42000): You have an error in your SQL syntax; check the manual that corresponds to your MySQL server version for the right syntax to use near 'reference(customer_table),
foreign key(ordered_product_id) reference(ordered_pro' at line 9
mysql>
mysql>
mysql> create table orders(
    -> orders_id int not null AUTO_INCREMENT,
    -> customer_id int not null,
    -> orders_status varchar(250) not null,
    -> orders_totalCost int not null,
    -> orders_date  TIMESTAMP DEFAULT CURRENT_TIMESTAMP,
    -> payment_status varchar(250) not null,
    -> primary key(orders_id),
    -> foreign key(customer_id) reference(customer),
    ->
    -> );
ERROR 1064 (42000): You have an error in your SQL syntax; check the manual that corresponds to your MySQL server version for the right syntax to use near 'reference(customer),

)' at line 9
mysql>
mysql>
mysql> create table orders(
    -> orders_id int not null AUTO_INCREMENT,
    -> customer_id int not null,
    -> orders_status varchar(250) not null,
    -> orders_totalCost int not null,
    -> orders_date  TIMESTAMP DEFAULT CURRENT_TIMESTAMP,
    -> payment_status varchar(250) not null,
    -> primary key(orders_id),
    -> foreign key(customer_id) reference(customer)
    ->
    -> );
ERROR 1064 (42000): You have an error in your SQL syntax; check the manual that corresponds to your MySQL server version for the right syntax to use near 'reference(customer)

)' at line 9
mysql>
mysql>
mysql>
mysql> create table orders(
    -> orders_id int not null AUTO_INCREMENT,
    -> customer_id int not null,
    -> orders_status varchar(250) not null,
    -> orders_totalCost int not null,
    -> orders_date  TIMESTAMP DEFAULT CURRENT_TIMESTAMP,
    -> payment_status varchar(250) not null,
    -> primary key(orders_id),
    -> foreign key(customer_id) references customer(customer_id)
    ->
    -> );
Query OK, 0 rows affected (0.06 sec)

mysql> desc orders;
+------------------+--------------+------+-----+-------------------+-------------------+
| Field            | Type         | Null | Key | Default           | Extra             |
+------------------+--------------+------+-----+-------------------+-------------------+
| orders_id        | int          | NO   | PRI | NULL              | auto_increment    |
| customer_id      | int          | NO   | MUL | NULL              |                   |
| orders_status    | varchar(250) | NO   |     | NULL              |                   |
| orders_totalCost | int          | NO   |     | NULL              |                   |
| orders_date      | timestamp    | YES  |     | CURRENT_TIMESTAMP | DEFAULT_GENERATED |
| payment_status   | varchar(250) | NO   |     | NULL              |                   |
+------------------+--------------+------+-----+-------------------+-------------------+
6 rows in set (0.01 sec)

mysql>